Archive member included to satisfy reference by file (symbol)

/home/ramon/Applications/SystemWorkbench/plugins/fr.ac6.mcu.externaltools.arm-none.linux64_1.13.0.201701121612/tools/compiler/bin/../lib/gcc/arm-none-eabi/5.4.1/armv6-m/libgcc.a(_thumb1_case_uqi.o)
                              Drivers/STM32L0xx_HAL_Driver/Src/stm32l0xx_hal_tim.o (__gnu_thumb1_case_uqi)
/home/ramon/Applications/SystemWorkbench/plugins/fr.ac6.mcu.externaltools.arm-none.linux64_1.13.0.201701121612/tools/compiler/bin/../lib/gcc/arm-none-eabi/5.4.1/armv6-m/libgcc.a(_udivsi3.o)
                              Drivers/STM32L0xx_HAL_Driver/Src/stm32l0xx_hal.o (__aeabi_uidiv)
/home/ramon/Applications/SystemWorkbench/plugins/fr.ac6.mcu.externaltools.arm-none.linux64_1.13.0.201701121612/tools/compiler/bin/../lib/gcc/arm-none-eabi/5.4.1/armv6-m/libgcc.a(_divsi3.o)
                              Src/main.o (__aeabi_idiv)
/home/ramon/Applications/SystemWorkbench/plugins/fr.ac6.mcu.externaltools.arm-none.linux64_1.13.0.201701121612/tools/compiler/bin/../lib/gcc/arm-none-eabi/5.4.1/armv6-m/libgcc.a(_dvmd_tls.o)
                              /home/ramon/Applications/SystemWorkbench/plugins/fr.ac6.mcu.externaltools.arm-none.linux64_1.13.0.201701121612/tools/compiler/bin/../lib/gcc/arm-none-eabi/5.4.1/armv6-m/libgcc.a(_udivsi3.o) (__aeabi_idiv0)
/home/ramon/Applications/SystemWorkbench/plugins/fr.ac6.mcu.externaltools.arm-none.linux64_1.13.0.201701121612/tools/compiler/bin/../lib/gcc/arm-none-eabi/5.4.1/../../../../arm-none-eabi/lib/armv6-m/libc_nano.a(lib_a-exit.o)
                              /home/ramon/Applications/SystemWorkbench/plugins/fr.ac6.mcu.externaltools.arm-none.linux64_1.13.0.201701121612/tools/compiler/bin/../lib/gcc/arm-none-eabi/5.4.1/../../../../arm-none-eabi/lib/armv6-m/crt0.o (exit)
/home/ramon/Applications/SystemWorkbench/plugins/fr.ac6.mcu.externaltools.arm-none.linux64_1.13.0.201701121612/tools/compiler/bin/../lib/gcc/arm-none-eabi/5.4.1/../../../../arm-none-eabi/lib/armv6-m/libc_nano.a(lib_a-impure.o)
                              /home/ramon/Applications/SystemWorkbench/plugins/fr.ac6.mcu.externaltools.arm-none.linux64_1.13.0.201701121612/tools/compiler/bin/../lib/gcc/arm-none-eabi/5.4.1/../../../../arm-none-eabi/lib/armv6-m/libc_nano.a(lib_a-exit.o) (_global_impure_ptr)
/home/ramon/Applications/SystemWorkbench/plugins/fr.ac6.mcu.externaltools.arm-none.linux64_1.13.0.201701121612/tools/compiler/bin/../lib/gcc/arm-none-eabi/5.4.1/../../../../arm-none-eabi/lib/armv6-m/libc_nano.a(lib_a-init.o)
                              /home/ramon/Applications/SystemWorkbench/plugins/fr.ac6.mcu.externaltools.arm-none.linux64_1.13.0.201701121612/tools/compiler/bin/../lib/gcc/arm-none-eabi/5.4.1/../../../../arm-none-eabi/lib/armv6-m/crt0.o (__libc_init_array)
/home/ramon/Applications/SystemWorkbench/plugins/fr.ac6.mcu.externaltools.arm-none.linux64_1.13.0.201701121612/tools/compiler/bin/../lib/gcc/arm-none-eabi/5.4.1/../../../../arm-none-eabi/lib/armv6-m/libc_nano.a(lib_a-memcpy-stub.o)
                              Middlewares/Third_Party/FreeRTOS/Source/queue.o (memcpy)
/home/ramon/Applications/SystemWorkbench/plugins/fr.ac6.mcu.externaltools.arm-none.linux64_1.13.0.201701121612/tools/compiler/bin/../lib/gcc/arm-none-eabi/5.4.1/../../../../arm-none-eabi/lib/armv6-m/libc_nano.a(lib_a-memset.o)
                              /home/ramon/Applications/SystemWorkbench/plugins/fr.ac6.mcu.externaltools.arm-none.linux64_1.13.0.201701121612/tools/compiler/bin/../lib/gcc/arm-none-eabi/5.4.1/../../../../arm-none-eabi/lib/armv6-m/crt0.o (memset)
/home/ramon/Applications/SystemWorkbench/plugins/fr.ac6.mcu.externaltools.arm-none.linux64_1.13.0.201701121612/tools/compiler/bin/../lib/gcc/arm-none-eabi/5.4.1/../../../../arm-none-eabi/lib/armv6-m/libnosys.a(_exit.o)
                              /home/ramon/Applications/SystemWorkbench/plugins/fr.ac6.mcu.externaltools.arm-none.linux64_1.13.0.201701121612/tools/compiler/bin/../lib/gcc/arm-none-eabi/5.4.1/../../../../arm-none-eabi/lib/armv6-m/libc_nano.a(lib_a-exit.o) (_exit)

Allocating common symbols
Common symbol       size              file

defaultTaskHandle   0x4               Src/main.o
currentState        0x1               Src/main.o
uwTick              0x4               Drivers/STM32L0xx_HAL_Driver/Src/stm32l0xx_hal.o
xQueueRegistry      0x40              Middlewares/Third_Party/FreeRTOS/Source/queue.o
pFlash              0x18              Drivers/STM32L0xx_HAL_Driver/Src/stm32l0xx_hal_flash.o
hrtc                0x24              Src/main.o
data                0x900             Src/main.o
hspi1               0x58              Src/main.o
htim2               0x38              Src/stm32l0xx_hal_timebase_TIM.o
sTimeStamp          0x14              Src/main.o
sDateStamp          0x4               Src/main.o
hdma_spi1_tx        0x40              Src/main.o

Discarded input sections

[...]
Memory Configuration

Name             Origin             Length             Attributes
RAM              0x20000000         0x00002000         xrw
FLASH            0x08000000         0x00010000         xr
*default*        0x00000000         0xffffffff

Linker script and memory map

LOAD /home/ramon/Applications/SystemWorkbench/plugins/fr.ac6.mcu.externaltools.arm-none.linux64_1.13.0.201701121612/tools/compiler/bin/../lib/gcc/arm-none-eabi/5.4.1/armv6-m/crti.o
LOAD /home/ramon/Applications/SystemWorkbench/plugins/fr.ac6.mcu.externaltools.arm-none.linux64_1.13.0.201701121612/tools/compiler/bin/../lib/gcc/arm-none-eabi/5.4.1/armv6-m/crtbegin.o
LOAD /home/ramon/Applications/SystemWorkbench/plugins/fr.ac6.mcu.externaltools.arm-none.linux64_1.13.0.201701121612/tools/compiler/bin/../lib/gcc/arm-none-eabi/5.4.1/../../../../arm-none-eabi/lib/armv6-m/crt0.o
LOAD /home/ramon/Applications/SystemWorkbench/plugins/fr.ac6.mcu.externaltools.arm-none.linux64_1.13.0.201701121612/tools/compiler/bin/../lib/gcc/arm-none-eabi/5.4.1/../../../../arm-none-eabi/lib/armv6-m/libm.a
LOAD Drivers/STM32L0xx_HAL_Driver/Src/stm32l0xx_hal.o
LOAD Drivers/STM32L0xx_HAL_Driver/Src/stm32l0xx_hal_cortex.o
LOAD Drivers/STM32L0xx_HAL_Driver/Src/stm32l0xx_hal_dma.o
LOAD Drivers/STM32L0xx_HAL_Driver/Src/stm32l0xx_hal_flash.o
LOAD Drivers/STM32L0xx_HAL_Driver/Src/stm32l0xx_hal_flash_ex.o
LOAD Drivers/STM32L0xx_HAL_Driver/Src/stm32l0xx_hal_flash_ramfunc.o
LOAD Drivers/STM32L0xx_HAL_Driver/Src/stm32l0xx_hal_gpio.o
LOAD Drivers/STM32L0xx_HAL_Driver/Src/stm32l0xx_hal_i2c.o
LOAD Drivers/STM32L0xx_HAL_Driver/Src/stm32l0xx_hal_i2c_ex.o
LOAD Drivers/STM32L0xx_HAL_Driver/Src/stm32l0xx_hal_pwr.o
LOAD Drivers/STM32L0xx_HAL_Driver/Src/stm32l0xx_hal_pwr_ex.o
LOAD Drivers/STM32L0xx_HAL_Driver/Src/stm32l0xx_hal_rcc.o
LOAD Drivers/STM32L0xx_HAL_Driver/Src/stm32l0xx_hal_rcc_ex.o
LOAD Drivers/STM32L0xx_HAL_Driver/Src/stm32l0xx_hal_rtc.o
LOAD Drivers/STM32L0xx_HAL_Driver/Src/stm32l0xx_hal_rtc_ex.o
LOAD Drivers/STM32L0xx_HAL_Driver/Src/stm32l0xx_hal_spi.o
LOAD Drivers/STM32L0xx_HAL_Driver/Src/stm32l0xx_hal_tim.o
LOAD Drivers/STM32L0xx_HAL_Driver/Src/stm32l0xx_hal_tim_ex.o
LOAD Middlewares/Third_Party/FreeRTOS/Source/CMSIS_RTOS/cmsis_os.o
LOAD Middlewares/Third_Party/FreeRTOS/Source/croutine.o
LOAD Middlewares/Third_Party/FreeRTOS/Source/event_groups.o
LOAD Middlewares/Third_Party/FreeRTOS/Source/list.o
LOAD Middlewares/Third_Party/FreeRTOS/Source/queue.o
LOAD Middlewares/Third_Party/FreeRTOS/Source/tasks.o
LOAD Middlewares/Third_Party/FreeRTOS/Source/timers.o
LOAD Middlewares/Third_Party/FreeRTOS/Source/portable/GCC/ARM_CM0/port.o
LOAD Middlewares/Third_Party/FreeRTOS/Source/portable/MemMang/heap_4.o
LOAD Src/freertos.o
LOAD Src/main.o
LOAD Src/stm32l0xx_hal_msp.o
LOAD Src/stm32l0xx_hal_timebase_TIM.o
LOAD Src/stm32l0xx_it.o
LOAD Src/system_stm32l0xx.o
LOAD startup/startup_stm32l051xx.o
START GROUP
LOAD /home/ramon/Applications/SystemWorkbench/plugins/fr.ac6.mcu.externaltools.arm-none.linux64_1.13.0.201701121612/tools/compiler/bin/../lib/gcc/arm-none-eabi/5.4.1/armv6-m/libgcc.a
LOAD /home/ramon/Applications/SystemWorkbench/plugins/fr.ac6.mcu.externaltools.arm-none.linux64_1.13.0.201701121612/tools/compiler/bin/../lib/gcc/arm-none-eabi/5.4.1/../../../../arm-none-eabi/lib/armv6-m/libc_nano.a
END GROUP
START GROUP
LOAD /home/ramon/Applications/SystemWorkbench/plugins/fr.ac6.mcu.externaltools.arm-none.linux64_1.13.0.201701121612/tools/compiler/bin/../lib/gcc/arm-none-eabi/5.4.1/armv6-m/libgcc.a
LOAD /home/ramon/Applications/SystemWorkbench/plugins/fr.ac6.mcu.externaltools.arm-none.linux64_1.13.0.201701121612/tools/compiler/bin/../lib/gcc/arm-none-eabi/5.4.1/../../../../arm-none-eabi/lib/armv6-m/libc_nano.a
LOAD /home/ramon/Applications/SystemWorkbench/plugins/fr.ac6.mcu.externaltools.arm-none.linux64_1.13.0.201701121612/tools/compiler/bin/../lib/gcc/arm-none-eabi/5.4.1/../../../../arm-none-eabi/lib/armv6-m/libnosys.a
END GROUP
START GROUP
LOAD /home/ramon/Applications/SystemWorkbench/plugins/fr.ac6.mcu.externaltools.arm-none.linux64_1.13.0.201701121612/tools/compiler/bin/../lib/gcc/arm-none-eabi/5.4.1/armv6-m/libgcc.a
LOAD /home/ramon/Applications/SystemWorkbench/plugins/fr.ac6.mcu.externaltools.arm-none.linux64_1.13.0.201701121612/tools/compiler/bin/../lib/gcc/arm-none-eabi/5.4.1/../../../../arm-none-eabi/lib/armv6-m/libc_nano.a
LOAD /home/ramon/Applications/SystemWorkbench/plugins/fr.ac6.mcu.externaltools.arm-none.linux64_1.13.0.201701121612/tools/compiler/bin/../lib/gcc/arm-none-eabi/5.4.1/../../../../arm-none-eabi/lib/armv6-m/libnosys.a
END GROUP
LOAD /home/ramon/Applications/SystemWorkbench/plugins/fr.ac6.mcu.externaltools.arm-none.linux64_1.13.0.201701121612/tools/compiler/bin/../lib/gcc/arm-none-eabi/5.4.1/armv6-m/crtend.o
LOAD /home/ramon/Applications/SystemWorkbench/plugins/fr.ac6.mcu.externaltools.arm-none.linux64_1.13.0.201701121612/tools/compiler/bin/../lib/gcc/arm-none-eabi/5.4.1/armv6-m/crtn.o
                0x20002000                _estack = 0x20002000
                0x00000200                _Min_Heap_Size = 0x200
                0x00000400                _Min_Stack_Size = 0x400

.isr_vector     0x08000000       0xc0
                0x08000000                . = ALIGN (0x4)
 *(.isr_vector)
 .isr_vector    0x08000000       0xc0 startup/startup_stm32l051xx.o
                0x08000000                g_pfnVectors
                0x080000c0                . = ALIGN (0x4)

.text           0x080000c0     0x2f30
                0x080000c0                . = ALIGN (0x4)
 *(.text)
 .text          0x080000c0       0x60 /home/ramon/Applications/SystemWorkbench/plugins/fr.ac6.mcu.externaltools.arm-none.linux64_1.13.0.201701121612/tools/compiler/bin/../lib/gcc/arm-none-eabi/5.4.1/armv6-m/crtbegin.o
 .text          0x08000120      0x114 /home/ramon/Applications/SystemWorkbench/plugins/fr.ac6.mcu.externaltools.arm-none.linux64_1.13.0.201701121612/tools/compiler/bin/../lib/gcc/arm-none-eabi/5.4.1/armv6-m/libgcc.a(_udivsi3.o)
                0x08000120                __udivsi3
                0x08000120                __aeabi_uidiv
                0x0800022c                __aeabi_uidivmod
 .text          0x08000234      0x1d4 /home/ramon/Applications/SystemWorkbench/plugins/fr.ac6.mcu.externaltools.arm-none.linux64_1.13.0.201701121612/tools/compiler/bin/../lib/gcc/arm-none-eabi/5.4.1/armv6-m/libgcc.a(_divsi3.o)
                0x08000234                __aeabi_idiv
                0x08000234                __divsi3
                0x08000400                __aeabi_idivmod
 .text          0x08000408        0x4 /home/ramon/Applications/SystemWorkbench/plugins/fr.ac6.mcu.externaltools.arm-none.linux64_1.13.0.201701121612/tools/compiler/bin/../lib/gcc/arm-none-eabi/5.4.1/armv6-m/libgcc.a(_dvmd_tls.o)
                0x08000408                __aeabi_ldiv0
                0x08000408                __aeabi_idiv0
 *(.text*)
 .text.HAL_Init
                0x0800040c       0x28 Drivers/STM32L0xx_HAL_Driver/Src/stm32l0xx_hal.o
                0x0800040c                HAL_Init
 .text.HAL_IncTick
                0x08000434       0x10 Drivers/STM32L0xx_HAL_Driver/Src/stm32l0xx_hal.o
                0x08000434                HAL_IncTick
 .text.HAL_GetTick
                0x08000444        0xc Drivers/STM32L0xx_HAL_Driver/Src/stm32l0xx_hal.o
                0x08000444                HAL_GetTick
 .text.HAL_NVIC_SetPriority
                0x08000450       0x60 Drivers/STM32L0xx_HAL_Driver/Src/stm32l0xx_hal_cortex.o
                0x08000450                HAL_NVIC_SetPriority
 .text.HAL_NVIC_EnableIRQ
                0x080004b0       0x14 Drivers/STM32L0xx_HAL_Driver/Src/stm32l0xx_hal_cortex.o
                0x080004b0                HAL_NVIC_EnableIRQ
 .text.HAL_SYSTICK_Config
                0x080004c4       0x34 Drivers/STM32L0xx_HAL_Driver/Src/stm32l0xx_hal_cortex.o
                0x080004c4                HAL_SYSTICK_Config
 .text.HAL_SYSTICK_CLKSourceConfig
                0x080004f8       0x1c Drivers/STM32L0xx_HAL_Driver/Src/stm32l0xx_hal_cortex.o
                0x080004f8                HAL_SYSTICK_CLKSourceConfig
 .text.HAL_DMA_Init
                0x08000514      0x12c Drivers/STM32L0xx_HAL_Driver/Src/stm32l0xx_hal_dma.o
                0x08000514                HAL_DMA_Init
 .text.HAL_DMA_Start_IT
                0x08000640       0x56 Drivers/STM32L0xx_HAL_Driver/Src/stm32l0xx_hal_dma.o
                0x08000640                HAL_DMA_Start_IT
 *fill*         0x08000696        0x2 
 .text.HAL_DMA_IRQHandler
                0x08000698      0x24c Drivers/STM32L0xx_HAL_Driver/Src/stm32l0xx_hal_dma.o
                0x08000698                HAL_DMA_IRQHandler
 .text.HAL_DMA_GetState
                0x080008e4        0x8 Drivers/STM32L0xx_HAL_Driver/Src/stm32l0xx_hal_dma.o
                0x080008e4                HAL_DMA_GetState
 .text.HAL_GPIO_Init
                0x080008ec      0x16c Drivers/STM32L0xx_HAL_Driver/Src/stm32l0xx_hal_gpio.o
                0x080008ec                HAL_GPIO_Init
 .text.HAL_GPIO_WritePin
                0x08000a58        0xc Drivers/STM32L0xx_HAL_Driver/Src/stm32l0xx_hal_gpio.o
                0x08000a58                HAL_GPIO_WritePin
 .text.HAL_GPIO_EXTI_Callback
                0x08000a64        0x2 Drivers/STM32L0xx_HAL_Driver/Src/stm32l0xx_hal_gpio.o
                0x08000a64                HAL_GPIO_EXTI_Callback
 *fill*         0x08000a66        0x2 
 .text.HAL_GPIO_EXTI_IRQHandler
                0x08000a68       0x18 Drivers/STM32L0xx_HAL_Driver/Src/stm32l0xx_hal_gpio.o
                0x08000a68                HAL_GPIO_EXTI_IRQHandler
 .text.HAL_PWR_EnterSLEEPMode
                0x08000a80       0x30 Drivers/STM32L0xx_HAL_Driver/Src/stm32l0xx_hal_pwr.o
                0x08000a80                HAL_PWR_EnterSLEEPMode
 .text.HAL_PWREx_EnableLowPowerRunMode
                0x08000ab0       0x1c Drivers/STM32L0xx_HAL_Driver/Src/stm32l0xx_hal_pwr_ex.o
                0x08000ab0                HAL_PWREx_EnableLowPowerRunMode
 .text.RCC_SetFlashLatencyFromMSIRange
                0x08000acc       0x70 Drivers/STM32L0xx_HAL_Driver/Src/stm32l0xx_hal_rcc.o
 .text.HAL_RCC_OscConfig
                0x08000b3c      0x480 Drivers/STM32L0xx_HAL_Driver/Src/stm32l0xx_hal_rcc.o
                0x08000b3c                HAL_RCC_OscConfig
 .text.HAL_RCC_GetSysClockFreq
                0x08000fbc       0x78 Drivers/STM32L0xx_HAL_Driver/Src/stm32l0xx_hal_rcc.o
                0x08000fbc                HAL_RCC_GetSysClockFreq
 .text.HAL_RCC_ClockConfig
                0x08001034      0x168 Drivers/STM32L0xx_HAL_Driver/Src/stm32l0xx_hal_rcc.o
                0x08001034                HAL_RCC_ClockConfig
 .text.HAL_RCC_GetHCLKFreq
                0x0800119c        0xc Drivers/STM32L0xx_HAL_Driver/Src/stm32l0xx_hal_rcc.o
                0x0800119c                HAL_RCC_GetHCLKFreq
 .text.HAL_RCC_GetPCLK1Freq
                0x080011a8       0x20 Drivers/STM32L0xx_HAL_Driver/Src/stm32l0xx_hal_rcc.o
                0x080011a8                HAL_RCC_GetPCLK1Freq
 .text.HAL_RCC_GetClockConfig
                0x080011c8       0x40 Drivers/STM32L0xx_HAL_Driver/Src/stm32l0xx_hal_rcc.o
                0x080011c8                HAL_RCC_GetClockConfig
 .text.HAL_RCCEx_PeriphCLKConfig
                0x08001208      0x190 Drivers/STM32L0xx_HAL_Driver/Src/stm32l0xx_hal_rcc_ex.o
                0x08001208                HAL_RCCEx_PeriphCLKConfig
 .text.HAL_RTC_WaitForSynchro
                0x08001398       0x34 Drivers/STM32L0xx_HAL_Driver/Src/stm32l0xx_hal_rtc.o
                0x08001398                HAL_RTC_WaitForSynchro
 .text.RTC_EnterInitMode
                0x080013cc       0x38 Drivers/STM32L0xx_HAL_Driver/Src/stm32l0xx_hal_rtc.o
                0x080013cc                RTC_EnterInitMode
 .text.HAL_RTC_Init
                0x08001404       0x94 Drivers/STM32L0xx_HAL_Driver/Src/stm32l0xx_hal_rtc.o
                0x08001404                HAL_RTC_Init
 .text.RTC_ByteToBcd2
                0x08001498       0x16 Drivers/STM32L0xx_HAL_Driver/Src/stm32l0xx_hal_rtc.o
                0x08001498                RTC_ByteToBcd2
 *fill*         0x080014ae        0x2 
 .text.HAL_RTC_SetTime
                0x080014b0       0xfc Drivers/STM32L0xx_HAL_Driver/Src/stm32l0xx_hal_rtc.o
                0x080014b0                HAL_RTC_SetTime
 .text.HAL_RTC_SetDate
                0x080015ac       0xe0 Drivers/STM32L0xx_HAL_Driver/Src/stm32l0xx_hal_rtc.o
                0x080015ac                HAL_RTC_SetDate
 .text.HAL_RTCEx_SetWakeUpTimer_IT
                0x0800168c       0xf8 Drivers/STM32L0xx_HAL_Driver/Src/stm32l0xx_hal_rtc_ex.o
                0x0800168c                HAL_RTCEx_SetWakeUpTimer_IT
 .text.HAL_RTCEx_WakeUpTimerEventCallback
                0x08001784        0x2 Drivers/STM32L0xx_HAL_Driver/Src/stm32l0xx_hal_rtc_ex.o
                0x08001784                HAL_RTCEx_WakeUpTimerEventCallback
 *fill*         0x08001786        0x2 
 .text.HAL_RTCEx_WakeUpTimerIRQHandler
                0x08001788       0x34 Drivers/STM32L0xx_HAL_Driver/Src/stm32l0xx_hal_rtc_ex.o
                0x08001788                HAL_RTCEx_WakeUpTimerIRQHandler
 .text.SPI_WaitOnFlagUntilTimeout
                0x080017bc       0x98 Drivers/STM32L0xx_HAL_Driver/Src/stm32l0xx_hal_spi.o
 .text.HAL_SPI_Init
                0x08001854       0x80 Drivers/STM32L0xx_HAL_Driver/Src/stm32l0xx_hal_spi.o
                0x08001854                HAL_SPI_Init
 .text.HAL_SPI_Transmit
                0x080018d4      0x184 Drivers/STM32L0xx_HAL_Driver/Src/stm32l0xx_hal_spi.o
                0x080018d4                HAL_SPI_Transmit
 .text.HAL_SPI_Transmit_DMA
                0x08001a58       0xcc Drivers/STM32L0xx_HAL_Driver/Src/stm32l0xx_hal_spi.o
                0x08001a58                HAL_SPI_Transmit_DMA
 .text.HAL_SPI_TxCpltCallback
                0x08001b24        0x2 Drivers/STM32L0xx_HAL_Driver/Src/stm32l0xx_hal_spi.o
                0x08001b24                HAL_SPI_TxCpltCallback
 .text.HAL_SPI_TxHalfCpltCallback
                0x08001b26        0x2 Drivers/STM32L0xx_HAL_Driver/Src/stm32l0xx_hal_spi.o
                0x08001b26                HAL_SPI_TxHalfCpltCallback
 .text.SPI_DMAHalfTransmitCplt
                0x08001b28        0xa Drivers/STM32L0xx_HAL_Driver/Src/stm32l0xx_hal_spi.o
 .text.HAL_SPI_ErrorCallback
                0x08001b32        0x2 Drivers/STM32L0xx_HAL_Driver/Src/stm32l0xx_hal_spi.o
                0x08001b32                HAL_SPI_ErrorCallback
 .text.SPI_DMAError
                0x08001b34       0x20 Drivers/STM32L0xx_HAL_Driver/Src/stm32l0xx_hal_spi.o
 .text.SPI_DMATransmitCplt
                0x08001b54       0x76 Drivers/STM32L0xx_HAL_Driver/Src/stm32l0xx_hal_spi.o
 *fill*         0x08001bca        0x2 
 .text.TIM_Base_SetConfig
                0x08001bcc       0x58 Drivers/STM32L0xx_HAL_Driver/Src/stm32l0xx_hal_tim.o
 .text.HAL_TIM_Base_MspInit
                0x08001c24        0x2 Drivers/STM32L0xx_HAL_Driver/Src/stm32l0xx_hal_tim.o
                0x08001c24                HAL_TIM_Base_MspInit
 .text.HAL_TIM_Base_Init
                0x08001c26       0x36 Drivers/STM32L0xx_HAL_Driver/Src/stm32l0xx_hal_tim.o
                0x08001c26                HAL_TIM_Base_Init
 .text.HAL_TIM_Base_Start_IT
                0x08001c5c       0x14 Drivers/STM32L0xx_HAL_Driver/Src/stm32l0xx_hal_tim.o
                0x08001c5c                HAL_TIM_Base_Start_IT
 .text.HAL_TIM_OC_DelayElapsedCallback
                0x08001c70        0x2 Drivers/STM32L0xx_HAL_Driver/Src/stm32l0xx_hal_tim.o
                0x08001c70                HAL_TIM_OC_DelayElapsedCallback
 .text.HAL_TIM_IC_CaptureCallback
                0x08001c72        0x2 Drivers/STM32L0xx_HAL_Driver/Src/stm32l0xx_hal_tim.o
                0x08001c72                HAL_TIM_IC_CaptureCallback
 .text.HAL_TIM_PWM_PulseFinishedCallback
                0x08001c74        0x2 Drivers/STM32L0xx_HAL_Driver/Src/stm32l0xx_hal_tim.o
                0x08001c74                HAL_TIM_PWM_PulseFinishedCallback
 .text.HAL_TIM_TriggerCallback
                0x08001c76        0x2 Drivers/STM32L0xx_HAL_Driver/Src/stm32l0xx_hal_tim.o
                0x08001c76                HAL_TIM_TriggerCallback
 .text.HAL_TIM_IRQHandler
                0x08001c78      0x110 Drivers/STM32L0xx_HAL_Driver/Src/stm32l0xx_hal_tim.o
                0x08001c78                HAL_TIM_IRQHandler
 .text.osKernelStart
                0x08001d88        0xa Middlewares/Third_Party/FreeRTOS/Source/CMSIS_RTOS/cmsis_os.o
                0x08001d88                osKernelStart
 .text.osSystickHandler
                0x08001d92       0x10 Middlewares/Third_Party/FreeRTOS/Source/CMSIS_RTOS/cmsis_os.o
                0x08001d92                osSystickHandler
 .text.vListInitialise
                0x08001da2       0x16 Middlewares/Third_Party/FreeRTOS/Source/list.o
                0x08001da2                vListInitialise
 .text.vListInitialiseItem
                0x08001db8        0x6 Middlewares/Third_Party/FreeRTOS/Source/list.o
                0x08001db8                vListInitialiseItem
 .text.vListInsertEnd
                0x08001dbe       0x18 Middlewares/Third_Party/FreeRTOS/Source/list.o
                0x08001dbe                vListInsertEnd
 .text.uxListRemove
                0x08001dd6       0x20 Middlewares/Third_Party/FreeRTOS/Source/list.o
                0x08001dd6                uxListRemove
 *fill*         0x08001df6        0x2 
 .text.prvResetNextTaskUnblockTime
                0x08001df8       0x20 Middlewares/Third_Party/FreeRTOS/Source/tasks.o
 .text.xTaskCreate
                0x08001e18      0x170 Middlewares/Third_Party/FreeRTOS/Source/tasks.o
                0x08001e18                xTaskCreate
 .text.vTaskStartScheduler
                0x08001f88       0x4c Middlewares/Third_Party/FreeRTOS/Source/tasks.o
                0x08001f88                vTaskStartScheduler
 .text.vTaskSuspendAll
                0x08001fd4       0x10 Middlewares/Third_Party/FreeRTOS/Source/tasks.o
                0x08001fd4                vTaskSuspendAll
 .text.xTaskIncrementTick
                0x08001fe4       0xd8 Middlewares/Third_Party/FreeRTOS/Source/tasks.o
                0x08001fe4                xTaskIncrementTick
 .text.xTaskResumeAll
                0x080020bc       0xac Middlewares/Third_Party/FreeRTOS/Source/tasks.o
                0x080020bc                xTaskResumeAll
 .text.prvIdleTask
                0x08002168       0x68 Middlewares/Third_Party/FreeRTOS/Source/tasks.o
 .text.vTaskSwitchContext
                0x080021d0       0x64 Middlewares/Third_Party/FreeRTOS/Source/tasks.o
                0x080021d0                vTaskSwitchContext
 .text.xTaskGetSchedulerState
                0x08002234       0x18 Middlewares/Third_Party/FreeRTOS/Source/tasks.o
                0x08002234                xTaskGetSchedulerState
 .text.prvTaskExitError
                0x0800224c       0x14 Middlewares/Third_Party/FreeRTOS/Source/portable/GCC/ARM_CM0/port.o
 .text.vPortStartFirstTask
                0x08002260       0x34 Middlewares/Third_Party/FreeRTOS/Source/portable/GCC/ARM_CM0/port.o
 .text.pxPortInitialiseStack
                0x08002294       0x20 Middlewares/Third_Party/FreeRTOS/Source/portable/GCC/ARM_CM0/port.o
                0x08002294                pxPortInitialiseStack
 .text.SVC_Handler
                0x080022b4        0x2 Middlewares/Third_Party/FreeRTOS/Source/portable/GCC/ARM_CM0/port.o
                0x080022b4                SVC_Handler
 *fill*         0x080022b6        0x2 
 .text.vPortYield
                0x080022b8       0x18 Middlewares/Third_Party/FreeRTOS/Source/portable/GCC/ARM_CM0/port.o
                0x080022b8                vPortYield
 .text.vPortEnterCritical
                0x080022d0       0x18 Middlewares/Third_Party/FreeRTOS/Source/portable/GCC/ARM_CM0/port.o
                0x080022d0                vPortEnterCritical
 .text.vPortExitCritical
                0x080022e8       0x1c Middlewares/Third_Party/FreeRTOS/Source/portable/GCC/ARM_CM0/port.o
                0x080022e8                vPortExitCritical
 .text.ulSetInterruptMaskFromISR
                0x08002304        0xa Middlewares/Third_Party/FreeRTOS/Source/portable/GCC/ARM_CM0/port.o
                0x08002304                ulSetInterruptMaskFromISR
 .text.vClearInterruptMaskFromISR
                0x0800230e        0x6 Middlewares/Third_Party/FreeRTOS/Source/portable/GCC/ARM_CM0/port.o
                0x0800230e                vClearInterruptMaskFromISR
 *fill*         0x08002314        0xc 
 .text.PendSV_Handler
                0x08002320       0x44 Middlewares/Third_Party/FreeRTOS/Source/portable/GCC/ARM_CM0/port.o
                0x08002320                PendSV_Handler
 .text.xPortSysTickHandler
                0x08002364       0x24 Middlewares/Third_Party/FreeRTOS/Source/portable/GCC/ARM_CM0/port.o
                0x08002364                xPortSysTickHandler
 .text.vPortSetupTimerInterrupt
                0x08002388       0x28 Middlewares/Third_Party/FreeRTOS/Source/portable/GCC/ARM_CM0/port.o
                0x08002388                vPortSetupTimerInterrupt
 .text.xPortStartScheduler
                0x080023b0       0x34 Middlewares/Third_Party/FreeRTOS/Source/portable/GCC/ARM_CM0/port.o
                0x080023b0                xPortStartScheduler
 .text.unlikely.prvInsertBlockIntoFreeList
                0x080023e4       0x44 Middlewares/Third_Party/FreeRTOS/Source/portable/MemMang/heap_4.o
 .text.pvPortMalloc
                0x08002428       0xfc Middlewares/Third_Party/FreeRTOS/Source/portable/MemMang/heap_4.o
                0x08002428                pvPortMalloc
 .text.vPortFree
                0x08002524       0x44 Middlewares/Third_Party/FreeRTOS/Source/portable/MemMang/heap_4.o
                0x08002524                vPortFree
 .text.clearPixel
                0x08002568       0x30 Src/main.o
 .text.drawLine.constprop.3
                0x08002598       0x8e Src/main.o
 *fill*         0x08002626        0x2 
 .text.i16_sin  0x08002628       0x34 Src/main.o
                0x08002628                i16_sin
 .text.i16_cos  0x0800265c       0x34 Src/main.o
                0x0800265c                i16_cos
 .text.drawArc.constprop.2
                0x08002690       0x8c Src/main.o
 .text.clearDisplay
                0x0800271c       0x3c Src/main.o
                0x0800271c                clearDisplay
 .text.SystemClock_Config
                0x08002758       0xa0 Src/main.o
                0x08002758                SystemClock_Config
 .text.vApplicationIdleHook
                0x080027f8        0xc Src/main.o
                0x080027f8                vApplicationIdleHook
 .text.updateDisplay
                0x08002804      0x26c Src/main.o
                0x08002804                updateDisplay
 .text.startup.main
                0x08002a70      0x1c4 Src/main.o
                0x08002a70                main
 .text.HAL_TIM_PeriodElapsedCallback
                0x08002c34       0x12 Src/main.o
                0x08002c34                HAL_TIM_PeriodElapsedCallback
 .text.Error_Handler
                0x08002c46        0x2 Src/main.o
                0x08002c46                Error_Handler
 .text.HAL_MspInit
                0x08002c48       0x40 Src/stm32l0xx_hal_msp.o
                0x08002c48                HAL_MspInit
 .text.HAL_RTC_MspInit
                0x08002c88       0x30 Src/stm32l0xx_hal_msp.o
                0x08002c88                HAL_RTC_MspInit
 .text.HAL_SPI_MspInit
                0x08002cb8       0x78 Src/stm32l0xx_hal_msp.o
                0x08002cb8                HAL_SPI_MspInit
 .text.HAL_InitTick
                0x08002d30       0x70 Src/stm32l0xx_hal_timebase_TIM.o
                0x08002d30                HAL_InitTick
 .text.HAL_SuspendTick
                0x08002da0       0x14 Src/stm32l0xx_hal_timebase_TIM.o
                0x08002da0                HAL_SuspendTick
 .text.NMI_Handler
                0x08002db4        0x2 Src/stm32l0xx_it.o
                0x08002db4                NMI_Handler
 .text.HardFault_Handler
                0x08002db6        0x2 Src/stm32l0xx_it.o
                0x08002db6                HardFault_Handler
 .text.SysTick_Handler
                0x08002db8        0x8 Src/stm32l0xx_it.o
                0x08002db8                SysTick_Handler
 .text.RTC_IRQHandler
                0x08002dc0       0x38 Src/stm32l0xx_it.o
                0x08002dc0                RTC_IRQHandler
 .text.EXTI0_1_IRQHandler
                0x08002df8       0x5c Src/stm32l0xx_it.o
                0x08002df8                EXTI0_1_IRQHandler
 .text.EXTI2_3_IRQHandler
                0x08002e54       0x40 Src/stm32l0xx_it.o
                0x08002e54                EXTI2_3_IRQHandler
 .text.DMA1_Channel2_3_IRQHandler
                0x08002e94       0x28 Src/stm32l0xx_it.o
                0x08002e94                DMA1_Channel2_3_IRQHandler
 .text.TIM2_IRQHandler
                0x08002ebc       0x10 Src/stm32l0xx_it.o
                0x08002ebc                TIM2_IRQHandler
 .text.SystemInit
                0x08002ecc       0x5c Src/system_stm32l0xx.o
                0x08002ecc                SystemInit
 .text.Reset_Handler
                0x08002f28       0x50 startup/startup_stm32l051xx.o
                0x08002f28                Reset_Handler
 .text.Default_Handler
                0x08002f78        0x2 startup/startup_stm32l051xx.o
                0x08002f78                ADC1_COMP_IRQHandler
                0x08002f78                TIM6_IRQHandler
                0x08002f78                PVD_IRQHandler
                0x08002f78                I2C1_IRQHandler
                0x08002f78                SPI1_IRQHandler
                0x08002f78                I2C2_IRQHandler
                0x08002f78                DMA1_Channel4_5_6_7_IRQHandler
                0x08002f78                EXTI4_15_IRQHandler
                0x08002f78                RCC_IRQHandler
                0x08002f78                DMA1_Channel1_IRQHandler
                0x08002f78                Default_Handler
                0x08002f78                TIM22_IRQHandler
                0x08002f78                SPI2_IRQHandler
                0x08002f78                TIM21_IRQHandler
                0x08002f78                WWDG_IRQHandler
                0x08002f78                LPUART1_IRQHandler
                0x08002f78                USART2_IRQHandler
                0x08002f78                FLASH_IRQHandler
                0x08002f78                USART1_IRQHandler
                0x08002f78                LPTIM1_IRQHandler
 *fill*         0x08002f7a        0x2 
 .text.__libc_init_array
                0x08002f7c       0x4c /home/ramon/Applications/SystemWorkbench/plugins/fr.ac6.mcu.externaltools.arm-none.linux64_1.13.0.201701121612/tools/compiler/bin/../lib/gcc/arm-none-eabi/5.4.1/../../../../arm-none-eabi/lib/armv6-m/libc_nano.a(lib_a-init.o)
                0x08002f7c                __libc_init_array
 .text.memset   0x08002fc8       0x10 /home/ramon/Applications/SystemWorkbench/plugins/fr.ac6.mcu.externaltools.arm-none.linux64_1.13.0.201701121612/tools/compiler/bin/../lib/gcc/arm-none-eabi/5.4.1/../../../../arm-none-eabi/lib/armv6-m/libc_nano.a(lib_a-memset.o)
                0x08002fc8                memset
 *(.glue_7)
 .glue_7        0x08002fd8        0x0 linker stubs
 *(.glue_7t)
 .glue_7t       0x08002fd8        0x0 linker stubs
 *(.eh_frame)
 .eh_frame      0x08002fd8        0x0 /home/ramon/Applications/SystemWorkbench/plugins/fr.ac6.mcu.externaltools.arm-none.linux64_1.13.0.201701121612/tools/compiler/bin/../lib/gcc/arm-none-eabi/5.4.1/armv6-m/crtbegin.o
 *(.init)
 .init          0x08002fd8        0x4 /home/ramon/Applications/SystemWorkbench/plugins/fr.ac6.mcu.externaltools.arm-none.linux64_1.13.0.201701121612/tools/compiler/bin/../lib/gcc/arm-none-eabi/5.4.1/armv6-m/crti.o
                0x08002fd8                _init
 .init          0x08002fdc        0x8 /home/ramon/Applications/SystemWorkbench/plugins/fr.ac6.mcu.externaltools.arm-none.linux64_1.13.0.201701121612/tools/compiler/bin/../lib/gcc/arm-none-eabi/5.4.1/armv6-m/crtn.o
 *(.fini)
 .fini          0x08002fe4        0x4 /home/ramon/Applications/SystemWorkbench/plugins/fr.ac6.mcu.externaltools.arm-none.linux64_1.13.0.201701121612/tools/compiler/bin/../lib/gcc/arm-none-eabi/5.4.1/armv6-m/crti.o
                0x08002fe4                _fini
 .fini          0x08002fe8        0x8 /home/ramon/Applications/SystemWorkbench/plugins/fr.ac6.mcu.externaltools.arm-none.linux64_1.13.0.201701121612/tools/compiler/bin/../lib/gcc/arm-none-eabi/5.4.1/armv6-m/crtn.o
                0x08002ff0                . = ALIGN (0x4)
                0x08002ff0                _etext = .

.vfp11_veneer   0x08002ff0        0x0
 .vfp11_veneer  0x08002ff0        0x0 linker stubs

.v4_bx          0x08002ff0        0x0
 .v4_bx         0x08002ff0        0x0 linker stubs

.iplt           0x08002ff0        0x0
 .iplt          0x08002ff0        0x0 /home/ramon/Applications/SystemWorkbench/plugins/fr.ac6.mcu.externaltools.arm-none.linux64_1.13.0.201701121612/tools/compiler/bin/../lib/gcc/arm-none-eabi/5.4.1/armv6-m/crtbegin.o

.rodata         0x08002ff0      0x11c
                0x08002ff0                . = ALIGN (0x4)
 *(.rodata)
 .rodata        0x08002ff0       0xf3 Src/main.o
                0x08002ff0                SIN_LUT
                0x08003068                COS_LUT
                0x080030e0                command
                0x080030e1                clear_cmd
 .rodata        0x080030e3       0x21 Src/system_stm32l0xx.o
                0x080030e3                PLLMulTable
                0x080030ec                AHBPrescTable
                0x080030fc                APBPrescTable
 *(.rodata*)
 .rodata.str1.1
                0x08003104        0x5 Middlewares/Third_Party/FreeRTOS/Source/tasks.o
                0x0800310c                . = ALIGN (0x4)
 *fill*         0x08003109        0x3 

.rel.dyn        0x0800310c        0x0
 .rel.iplt      0x0800310c        0x0 /home/ramon/Applications/SystemWorkbench/plugins/fr.ac6.mcu.externaltools.arm-none.linux64_1.13.0.201701121612/tools/compiler/bin/../lib/gcc/arm-none-eabi/5.4.1/armv6-m/crtbegin.o

.ARM.extab
 *(.ARM.extab* .gnu.linkonce.armextab.*)

.ARM            0x0800310c        0x0
                0x0800310c                __exidx_start = .
 *(.ARM.exidx*)
                0x0800310c                __exidx_end = .

.preinit_array  0x0800310c        0x0
                0x0800310c                PROVIDE (__preinit_array_start, .)
 *(.preinit_array*)
                0x0800310c                PROVIDE (__preinit_array_end, .)

.init_array     0x0800310c        0x4
                0x0800310c                PROVIDE (__init_array_start, .)
 *(SORT(.init_array.*))
 *(.init_array*)
 .init_array    0x0800310c        0x4 /home/ramon/Applications/SystemWorkbench/plugins/fr.ac6.mcu.externaltools.arm-none.linux64_1.13.0.201701121612/tools/compiler/bin/../lib/gcc/arm-none-eabi/5.4.1/armv6-m/crtbegin.o
                0x08003110                PROVIDE (__init_array_end, .)

.fini_array     0x08003110        0x4
                [!provide]                PROVIDE (__fini_array_start, .)
 *(SORT(.fini_array.*))
 *(.fini_array*)
 .fini_array    0x08003110        0x4 /home/ramon/Applications/SystemWorkbench/plugins/fr.ac6.mcu.externaltools.arm-none.linux64_1.13.0.201701121612/tools/compiler/bin/../lib/gcc/arm-none-eabi/5.4.1/armv6-m/crtbegin.o
                [!provide]                PROVIDE (__fini_array_end, .)
                0x08003114                _sidata = LOADADDR (.data)

.data           0x20000000        0xc load address 0x08003114
                0x20000000                . = ALIGN (0x4)
                0x20000000                _sdata = .
 *(.data)
 .data          0x20000000        0x4 Middlewares/Third_Party/FreeRTOS/Source/portable/GCC/ARM_CM0/port.o
 .data          0x20000004        0x3 Src/main.o
                0x20000004                hours
                0x20000005                minutes
                0x20000006                seconds
 *fill*         0x20000007        0x1 
 .data          0x20000008        0x4 Src/system_stm32l0xx.o
                0x20000008                SystemCoreClock
 *(.data*)
                0x2000000c                . = ALIGN (0x4)
                0x2000000c                _edata = .

.jcr            0x2000000c        0x0 load address 0x08003120
 .jcr           0x2000000c        0x0 /home/ramon/Applications/SystemWorkbench/plugins/fr.ac6.mcu.externaltools.arm-none.linux64_1.13.0.201701121612/tools/compiler/bin/../lib/gcc/arm-none-eabi/5.4.1/armv6-m/crtbegin.o

.igot.plt       0x2000000c        0x0 load address 0x08003120
 .igot.plt      0x2000000c        0x0 /home/ramon/Applications/SystemWorkbench/plugins/fr.ac6.mcu.externaltools.arm-none.linux64_1.13.0.201701121612/tools/compiler/bin/../lib/gcc/arm-none-eabi/5.4.1/armv6-m/crtbegin.o
                0x2000000c                . = ALIGN (0x4)

.bss            0x2000000c     0x1778 load address 0x08003120
                0x2000000c                _sbss = .
                0x2000000c                __bss_start__ = _sbss
 *(.bss)
 .bss           0x2000000c       0x1c /home/ramon/Applications/SystemWorkbench/plugins/fr.ac6.mcu.externaltools.arm-none.linux64_1.13.0.201701121612/tools/compiler/bin/../lib/gcc/arm-none-eabi/5.4.1/armv6-m/crtbegin.o
 .bss           0x20000028      0x12c Middlewares/Third_Party/FreeRTOS/Source/tasks.o
                0x2000005c                pxCurrentTCB
 .bss           0x20000154      0xc18 Middlewares/Third_Party/FreeRTOS/Source/portable/MemMang/heap_4.o
 *(.bss*)
 *(COMMON)
 COMMON         0x20000d6c        0x4 Drivers/STM32L0xx_HAL_Driver/Src/stm32l0xx_hal.o
                0x20000d6c                uwTick
 COMMON         0x20000d70      0x9dc Src/main.o
                0x20000d70                defaultTaskHandle
                0x20000d74                currentState
                0x20000d78                hrtc
                0x20000d9c                data
                0x2000169c                hspi1
                0x200016f4                sTimeStamp
                0x20001708                sDateStamp
                0x2000170c                hdma_spi1_tx
 COMMON         0x2000174c       0x38 Src/stm32l0xx_hal_timebase_TIM.o
                0x2000174c                htim2
                0x20001784                . = ALIGN (0x4)
                0x20001784                _ebss = .
                0x20001784                __bss_end__ = _ebss

._user_heap_stack
                0x20001784      0x604 load address 0x08003120
                0x20001788                . = ALIGN (0x8)
 *fill*         0x20001784        0x4 
                [!provide]                PROVIDE (end, .)
                [!provide]                PROVIDE (_end, .)
                0x20001988                . = (. + _Min_Heap_Size)
 *fill*         0x20001788      0x200 
                0x20001d88                . = (. + _Min_Stack_Size)
 *fill*         0x20001988      0x400 
                0x20001d88                . = ALIGN (0x8)

/DISCARD/
 libc.a(*)
 libm.a(*)
 libgcc.a(*)

.ARM.attributes
                0x00000000       0x28
 *(.ARM.attributes)
 .ARM.attributes
                0x00000000       0x1e /home/ramon/Applications/SystemWorkbench/plugins/fr.ac6.mcu.externaltools.arm-none.linux64_1.13.0.201701121612/tools/compiler/bin/../lib/gcc/arm-none-eabi/5.4.1/armv6-m/crti.o
 .ARM.attributes
                0x0000001e       0x2c /home/ramon/Applications/SystemWorkbench/plugins/fr.ac6.mcu.externaltools.arm-none.linux64_1.13.0.201701121612/tools/compiler/bin/../lib/gcc/arm-none-eabi/5.4.1/armv6-m/crtbegin.o
 .ARM.attributes
                0x0000004a       0x32 Drivers/STM32L0xx_HAL_Driver/Src/stm32l0xx_hal.o
 .ARM.attributes
                0x0000007c       0x32 Drivers/STM32L0xx_HAL_Driver/Src/stm32l0xx_hal_cortex.o
 .ARM.attributes
                0x000000ae       0x32 Drivers/STM32L0xx_HAL_Driver/Src/stm32l0xx_hal_dma.o
 .ARM.attributes
                0x000000e0       0x32 Drivers/STM32L0xx_HAL_Driver/Src/stm32l0xx_hal_gpio.o
 .ARM.attributes
                0x00000112       0x32 Drivers/STM32L0xx_HAL_Driver/Src/stm32l0xx_hal_pwr.o
 .ARM.attributes
                0x00000144       0x32 Drivers/STM32L0xx_HAL_Driver/Src/stm32l0xx_hal_pwr_ex.o
 .ARM.attributes
                0x00000176       0x32 Drivers/STM32L0xx_HAL_Driver/Src/stm32l0xx_hal_rcc.o
 .ARM.attributes
                0x000001a8       0x32 Drivers/STM32L0xx_HAL_Driver/Src/stm32l0xx_hal_rcc_ex.o
 .ARM.attributes
                0x000001da       0x32 Drivers/STM32L0xx_HAL_Driver/Src/stm32l0xx_hal_rtc.o
 .ARM.attributes
                0x0000020c       0x32 Drivers/STM32L0xx_HAL_Driver/Src/stm32l0xx_hal_rtc_ex.o
 .ARM.attributes
                0x0000023e       0x32 Drivers/STM32L0xx_HAL_Driver/Src/stm32l0xx_hal_spi.o
 .ARM.attributes
                0x00000270       0x32 Drivers/STM32L0xx_HAL_Driver/Src/stm32l0xx_hal_tim.o
 .ARM.attributes
                0x000002a2       0x32 Middlewares/Third_Party/FreeRTOS/Source/CMSIS_RTOS/cmsis_os.o
 .ARM.attributes
                0x000002d4       0x32 Middlewares/Third_Party/FreeRTOS/Source/list.o
 .ARM.attributes
                0x00000306       0x32 Middlewares/Third_Party/FreeRTOS/Source/tasks.o
 .ARM.attributes
                0x00000338       0x32 Middlewares/Third_Party/FreeRTOS/Source/portable/GCC/ARM_CM0/port.o
 .ARM.attributes
                0x0000036a       0x32 Middlewares/Third_Party/FreeRTOS/Source/portable/MemMang/heap_4.o
 .ARM.attributes
                0x0000039c       0x32 Src/main.o
 .ARM.attributes
                0x000003ce       0x32 Src/stm32l0xx_hal_msp.o
 .ARM.attributes
                0x00000400       0x32 Src/stm32l0xx_hal_timebase_TIM.o
 .ARM.attributes
                0x00000432       0x32 Src/stm32l0xx_it.o
 .ARM.attributes
                0x00000464       0x32 Src/system_stm32l0xx.o
 .ARM.attributes
                0x00000496       0x22 startup/startup_stm32l051xx.o
 .ARM.attributes
                0x000004b8       0x1e /home/ramon/Applications/SystemWorkbench/plugins/fr.ac6.mcu.externaltools.arm-none.linux64_1.13.0.201701121612/tools/compiler/bin/../lib/gcc/arm-none-eabi/5.4.1/armv6-m/libgcc.a(_udivsi3.o)
 .ARM.attributes
                0x000004d6       0x1e /home/ramon/Applications/SystemWorkbench/plugins/fr.ac6.mcu.externaltools.arm-none.linux64_1.13.0.201701121612/tools/compiler/bin/../lib/gcc/arm-none-eabi/5.4.1/armv6-m/libgcc.a(_divsi3.o)
 .ARM.attributes
                0x000004f4       0x1e /home/ramon/Applications/SystemWorkbench/plugins/fr.ac6.mcu.externaltools.arm-none.linux64_1.13.0.201701121612/tools/compiler/bin/../lib/gcc/arm-none-eabi/5.4.1/armv6-m/libgcc.a(_dvmd_tls.o)
 .ARM.attributes
                0x00000512       0x2c /home/ramon/Applications/SystemWorkbench/plugins/fr.ac6.mcu.externaltools.arm-none.linux64_1.13.0.201701121612/tools/compiler/bin/../lib/gcc/arm-none-eabi/5.4.1/../../../../arm-none-eabi/lib/armv6-m/libc_nano.a(lib_a-init.o)
 .ARM.attributes
                0x0000053e       0x2c /home/ramon/Applications/SystemWorkbench/plugins/fr.ac6.mcu.externaltools.arm-none.linux64_1.13.0.201701121612/tools/compiler/bin/../lib/gcc/arm-none-eabi/5.4.1/../../../../arm-none-eabi/lib/armv6-m/libc_nano.a(lib_a-memset.o)
 .ARM.attributes
                0x0000056a       0x1e /home/ramon/Applications/SystemWorkbench/plugins/fr.ac6.mcu.externaltools.arm-none.linux64_1.13.0.201701121612/tools/compiler/bin/../lib/gcc/arm-none-eabi/5.4.1/armv6-m/crtn.o
OUTPUT(L051_Watch.elf elf32-littlearm)

.debug_info     0x00000000    0x11b69
 .debug_info    0x00000000      0x721 Drivers/STM32L0xx_HAL_Driver/Src/stm32l0xx_hal.o
 .debug_info    0x00000721      0x8c5 Drivers/STM32L0xx_HAL_Driver/Src/stm32l0xx_hal_cortex.o
 .debug_info    0x00000fe6      0x6a2 Drivers/STM32L0xx_HAL_Driver/Src/stm32l0xx_hal_dma.o
 .debug_info    0x00001688      0x645 Drivers/STM32L0xx_HAL_Driver/Src/stm32l0xx_hal_gpio.o
 .debug_info    0x00001ccd      0x5e6 Drivers/STM32L0xx_HAL_Driver/Src/stm32l0xx_hal_pwr.o
 .debug_info    0x000022b3      0x1b6 Drivers/STM32L0xx_HAL_Driver/Src/stm32l0xx_hal_pwr_ex.o
 .debug_info    0x00002469      0xae5 Drivers/STM32L0xx_HAL_Driver/Src/stm32l0xx_hal_rcc.o
 .debug_info    0x00002f4e      0x4ff Drivers/STM32L0xx_HAL_Driver/Src/stm32l0xx_hal_rcc_ex.o
 .debug_info    0x0000344d      0xd00 Drivers/STM32L0xx_HAL_Driver/Src/stm32l0xx_hal_rtc.o
 .debug_info    0x0000414d      0xe83 Drivers/STM32L0xx_HAL_Driver/Src/stm32l0xx_hal_rtc_ex.o
 .debug_info    0x00004fd0     0x1424 Drivers/STM32L0xx_HAL_Driver/Src/stm32l0xx_hal_spi.o
 .debug_info    0x000063f4     0x2cdf Drivers/STM32L0xx_HAL_Driver/Src/stm32l0xx_hal_tim.o
 .debug_info    0x000090d3     0x1bcd Middlewares/Third_Party/FreeRTOS/Source/CMSIS_RTOS/cmsis_os.o
 .debug_info    0x0000aca0      0x2a5 Middlewares/Third_Party/FreeRTOS/Source/list.o
 .debug_info    0x0000af45     0x216f Middlewares/Third_Party/FreeRTOS/Source/tasks.o
 .debug_info    0x0000d0b4      0x2b0 Middlewares/Third_Party/FreeRTOS/Source/portable/GCC/ARM_CM0/port.o
 .debug_info    0x0000d364      0x37b Middlewares/Third_Party/FreeRTOS/Source/portable/MemMang/heap_4.o
 .debug_info    0x0000d6df     0x215c Src/main.o
 .debug_info    0x0000f83b      0xc5c Src/stm32l0xx_hal_msp.o
 .debug_info    0x00010497      0x89a Src/stm32l0xx_hal_timebase_TIM.o
 .debug_info    0x00010d31      0xa4e Src/stm32l0xx_it.o
 .debug_info    0x0001177f      0x37b Src/system_stm32l0xx.o
 .debug_info    0x00011afa       0x6f startup/startup_stm32l051xx.o

.debug_abbrev   0x00000000     0x2dcf
 .debug_abbrev  0x00000000      0x21b Drivers/STM32L0xx_HAL_Driver/Src/stm32l0xx_hal.o
 .debug_abbrev  0x0000021b      0x292 Drivers/STM32L0xx_HAL_Driver/Src/stm32l0xx_hal_cortex.o
 .debug_abbrev  0x000004ad      0x1cb Drivers/STM32L0xx_HAL_Driver/Src/stm32l0xx_hal_dma.o
 .debug_abbrev  0x00000678      0x1bc Drivers/STM32L0xx_HAL_Driver/Src/stm32l0xx_hal_gpio.o
 .debug_abbrev  0x00000834      0x19f Drivers/STM32L0xx_HAL_Driver/Src/stm32l0xx_hal_pwr.o
 .debug_abbrev  0x000009d3       0xf9 Drivers/STM32L0xx_HAL_Driver/Src/stm32l0xx_hal_pwr_ex.o
 .debug_abbrev  0x00000acc      0x296 Drivers/STM32L0xx_HAL_Driver/Src/stm32l0xx_hal_rcc.o
 .debug_abbrev  0x00000d62      0x1a8 Drivers/STM32L0xx_HAL_Driver/Src/stm32l0xx_hal_rcc_ex.o
 .debug_abbrev  0x00000f0a      0x1eb Drivers/STM32L0xx_HAL_Driver/Src/stm32l0xx_hal_rtc.o
 .debug_abbrev  0x000010f5      0x1fc Drivers/STM32L0xx_HAL_Driver/Src/stm32l0xx_hal_rtc_ex.o
 .debug_abbrev  0x000012f1      0x2c8 Drivers/STM32L0xx_HAL_Driver/Src/stm32l0xx_hal_spi.o
 .debug_abbrev  0x000015b9      0x304 Drivers/STM32L0xx_HAL_Driver/Src/stm32l0xx_hal_tim.o
 .debug_abbrev  0x000018bd      0x347 Middlewares/Third_Party/FreeRTOS/Source/CMSIS_RTOS/cmsis_os.o
 .debug_abbrev  0x00001c04       0xdf Middlewares/Third_Party/FreeRTOS/Source/list.o
 .debug_abbrev  0x00001ce3      0x334 Middlewares/Third_Party/FreeRTOS/Source/tasks.o
 .debug_abbrev  0x00002017      0x1cf Middlewares/Third_Party/FreeRTOS/Source/portable/GCC/ARM_CM0/port.o
 .debug_abbrev  0x000021e6      0x1ef Middlewares/Third_Party/FreeRTOS/Source/portable/MemMang/heap_4.o
 .debug_abbrev  0x000023d5      0x3d3 Src/main.o
 .debug_abbrev  0x000027a8      0x1a0 Src/stm32l0xx_hal_msp.o
 .debug_abbrev  0x00002948      0x1c7 Src/stm32l0xx_hal_timebase_TIM.o
 .debug_abbrev  0x00002b0f      0x1bb Src/stm32l0xx_it.o
 .debug_abbrev  0x00002cca       0xf3 Src/system_stm32l0xx.o
 .debug_abbrev  0x00002dbd       0x12 startup/startup_stm32l051xx.o

.debug_loc      0x00000000     0xa4c7
 .debug_loc     0x00000000       0xac Drivers/STM32L0xx_HAL_Driver/Src/stm32l0xx_hal.o
 .debug_loc     0x000000ac      0x3da Drivers/STM32L0xx_HAL_Driver/Src/stm32l0xx_hal_cortex.o
 .debug_loc     0x00000486      0x619 Drivers/STM32L0xx_HAL_Driver/Src/stm32l0xx_hal_dma.o
 .debug_loc     0x00000a9f      0x2cc Drivers/STM32L0xx_HAL_Driver/Src/stm32l0xx_hal_gpio.o
 .debug_loc     0x00000d6b      0x12f Drivers/STM32L0xx_HAL_Driver/Src/stm32l0xx_hal_pwr.o
 .debug_loc     0x00000e9a       0x1f Drivers/STM32L0xx_HAL_Driver/Src/stm32l0xx_hal_pwr_ex.o
 .debug_loc     0x00000eb9      0x4cd Drivers/STM32L0xx_HAL_Driver/Src/stm32l0xx_hal_rcc.o
 .debug_loc     0x00001386      0x401 Drivers/STM32L0xx_HAL_Driver/Src/stm32l0xx_hal_rcc_ex.o
 .debug_loc     0x00001787      0xab7 Drivers/STM32L0xx_HAL_Driver/Src/stm32l0xx_hal_rtc.o
 .debug_loc     0x0000223e      0xd82 Drivers/STM32L0xx_HAL_Driver/Src/stm32l0xx_hal_rtc_ex.o
 .debug_loc     0x00002fc0      0xe5e Drivers/STM32L0xx_HAL_Driver/Src/stm32l0xx_hal_spi.o
 .debug_loc     0x00003e1e     0x3715 Drivers/STM32L0xx_HAL_Driver/Src/stm32l0xx_hal_tim.o
 .debug_loc     0x00007533      0xef3 Middlewares/Third_Party/FreeRTOS/Source/CMSIS_RTOS/cmsis_os.o
 .debug_loc     0x00008426       0x89 Middlewares/Third_Party/FreeRTOS/Source/list.o
 .debug_loc     0x000084af     0x15e0 Middlewares/Third_Party/FreeRTOS/Source/tasks.o
 .debug_loc     0x00009a8f       0xb4 Middlewares/Third_Party/FreeRTOS/Source/portable/GCC/ARM_CM0/port.o
 .debug_loc     0x00009b43      0x2da Middlewares/Third_Party/FreeRTOS/Source/portable/MemMang/heap_4.o
 .debug_loc     0x00009e1d      0x473 Src/main.o
 .debug_loc     0x0000a290       0x9a Src/stm32l0xx_hal_msp.o
 .debug_loc     0x0000a32a       0x7a Src/stm32l0xx_hal_timebase_TIM.o
 .debug_loc     0x0000a3a4      0x123 Src/system_stm32l0xx.o

.debug_aranges  0x00000000      0xe78
 .debug_aranges
                0x00000000       0xd8 Drivers/STM32L0xx_HAL_Driver/Src/stm32l0xx_hal.o
 .debug_aranges
                0x000000d8       0x80 Drivers/STM32L0xx_HAL_Driver/Src/stm32l0xx_hal_cortex.o
 .debug_aranges
                0x00000158       0x68 Drivers/STM32L0xx_HAL_Driver/Src/stm32l0xx_hal_dma.o
 .debug_aranges
                0x000001c0       0x58 Drivers/STM32L0xx_HAL_Driver/Src/stm32l0xx_hal_gpio.o
 .debug_aranges
                0x00000218       0xa0 Drivers/STM32L0xx_HAL_Driver/Src/stm32l0xx_hal_pwr.o
 .debug_aranges
                0x000002b8       0x50 Drivers/STM32L0xx_HAL_Driver/Src/stm32l0xx_hal_pwr_ex.o
 .debug_aranges
                0x00000308       0x88 Drivers/STM32L0xx_HAL_Driver/Src/stm32l0xx_hal_rcc.o
 .debug_aranges
                0x00000390       0x58 Drivers/STM32L0xx_HAL_Driver/Src/stm32l0xx_hal_rcc_ex.o
 .debug_aranges
                0x000003e8       0xa8 Drivers/STM32L0xx_HAL_Driver/Src/stm32l0xx_hal_rtc.o
 .debug_aranges
                0x00000490      0x100 Drivers/STM32L0xx_HAL_Driver/Src/stm32l0xx_hal_rtc_ex.o
 .debug_aranges
                0x00000590      0x108 Drivers/STM32L0xx_HAL_Driver/Src/stm32l0xx_hal_spi.o
 .debug_aranges
                0x00000698      0x218 Drivers/STM32L0xx_HAL_Driver/Src/stm32l0xx_hal_tim.o
 .debug_aranges
                0x000008b0      0x190 Middlewares/Third_Party/FreeRTOS/Source/CMSIS_RTOS/cmsis_os.o
 .debug_aranges
                0x00000a40       0x40 Middlewares/Third_Party/FreeRTOS/Source/list.o
 .debug_aranges
                0x00000a80      0x190 Middlewares/Third_Party/FreeRTOS/Source/tasks.o
 .debug_aranges
                0x00000c10       0x88 Middlewares/Third_Party/FreeRTOS/Source/portable/GCC/ARM_CM0/port.o
 .debug_aranges
                0x00000c98       0x48 Middlewares/Third_Party/FreeRTOS/Source/portable/MemMang/heap_4.o
 .debug_aranges
                0x00000ce0       0x80 Src/main.o
 .debug_aranges
                0x00000d60       0x40 Src/stm32l0xx_hal_msp.o
 .debug_aranges
                0x00000da0       0x30 Src/stm32l0xx_hal_timebase_TIM.o
 .debug_aranges
                0x00000dd0       0x58 Src/stm32l0xx_it.o
 .debug_aranges
                0x00000e28       0x28 Src/system_stm32l0xx.o
 .debug_aranges
                0x00000e50       0x28 startup/startup_stm32l051xx.o

.debug_ranges   0x00000000     0x12c0
 .debug_ranges  0x00000000       0xc8 Drivers/STM32L0xx_HAL_Driver/Src/stm32l0xx_hal.o
 .debug_ranges  0x000000c8       0xf0 Drivers/STM32L0xx_HAL_Driver/Src/stm32l0xx_hal_cortex.o
 .debug_ranges  0x000001b8       0x58 Drivers/STM32L0xx_HAL_Driver/Src/stm32l0xx_hal_dma.o
 .debug_ranges  0x00000210       0x48 Drivers/STM32L0xx_HAL_Driver/Src/stm32l0xx_hal_gpio.o
 .debug_ranges  0x00000258       0x90 Drivers/STM32L0xx_HAL_Driver/Src/stm32l0xx_hal_pwr.o
 .debug_ranges  0x000002e8       0x40 Drivers/STM32L0xx_HAL_Driver/Src/stm32l0xx_hal_pwr_ex.o
 .debug_ranges  0x00000328       0x78 Drivers/STM32L0xx_HAL_Driver/Src/stm32l0xx_hal_rcc.o
 .debug_ranges  0x000003a0       0x48 Drivers/STM32L0xx_HAL_Driver/Src/stm32l0xx_hal_rcc_ex.o
 .debug_ranges  0x000003e8       0x98 Drivers/STM32L0xx_HAL_Driver/Src/stm32l0xx_hal_rtc.o
 .debug_ranges  0x00000480       0xf0 Drivers/STM32L0xx_HAL_Driver/Src/stm32l0xx_hal_rtc_ex.o
 .debug_ranges  0x00000570       0xf8 Drivers/STM32L0xx_HAL_Driver/Src/stm32l0xx_hal_spi.o
 .debug_ranges  0x00000668      0x540 Drivers/STM32L0xx_HAL_Driver/Src/stm32l0xx_hal_tim.o
 .debug_ranges  0x00000ba8      0x180 Middlewares/Third_Party/FreeRTOS/Source/CMSIS_RTOS/cmsis_os.o
 .debug_ranges  0x00000d28       0x30 Middlewares/Third_Party/FreeRTOS/Source/list.o
 .debug_ranges  0x00000d58      0x260 Middlewares/Third_Party/FreeRTOS/Source/tasks.o
 .debug_ranges  0x00000fb8       0x78 Middlewares/Third_Party/FreeRTOS/Source/portable/GCC/ARM_CM0/port.o
 .debug_ranges  0x00001030       0x38 Middlewares/Third_Party/FreeRTOS/Source/portable/MemMang/heap_4.o
 .debug_ranges  0x00001068      0x188 Src/main.o
 .debug_ranges  0x000011f0       0x30 Src/stm32l0xx_hal_msp.o
 .debug_ranges  0x00001220       0x20 Src/stm32l0xx_hal_timebase_TIM.o
 .debug_ranges  0x00001240       0x48 Src/stm32l0xx_it.o
 .debug_ranges  0x00001288       0x18 Src/system_stm32l0xx.o
 .debug_ranges  0x000012a0       0x20 startup/startup_stm32l051xx.o

.debug_macro    0x00000000    0x1558c
 .debug_macro   0x00000000      0x336 Drivers/STM32L0xx_HAL_Driver/Src/stm32l0xx_hal.o
 .debug_macro   0x00000336      0x838 Drivers/STM32L0xx_HAL_Driver/Src/stm32l0xx_hal.o
 .debug_macro   0x00000b6e       0x6a Drivers/STM32L0xx_HAL_Driver/Src/stm32l0xx_hal.o
 .debug_macro   0x00000bd8       0xa2 Drivers/STM32L0xx_HAL_Driver/Src/stm32l0xx_hal.o
 .debug_macro   0x00000c7a       0x2e Drivers/STM32L0xx_HAL_Driver/Src/stm32l0xx_hal.o
 .debug_macro   0x00000ca8       0x28 Drivers/STM32L0xx_HAL_Driver/Src/stm32l0xx_hal.o
 .debug_macro   0x00000cd0       0x22 Drivers/STM32L0xx_HAL_Driver/Src/stm32l0xx_hal.o
 .debug_macro   0x00000cf2       0x87 Drivers/STM32L0xx_HAL_Driver/Src/stm32l0xx_hal.o
 .debug_macro   0x00000d79       0x44 Drivers/STM32L0xx_HAL_Driver/Src/stm32l0xx_hal.o
 .debug_macro   0x00000dbd       0xfd Drivers/STM32L0xx_HAL_Driver/Src/stm32l0xx_hal.o
 .debug_macro   0x00000eba       0x5e Drivers/STM32L0xx_HAL_Driver/Src/stm32l0xx_hal.o
 .debug_macro   0x00000f18      0x1df Drivers/STM32L0xx_HAL_Driver/Src/stm32l0xx_hal.o
 .debug_macro   0x000010f7       0x34 Drivers/STM32L0xx_HAL_Driver/Src/stm32l0xx_hal.o
 .debug_macro   0x0000112b       0x26 Drivers/STM32L0xx_HAL_Driver/Src/stm32l0xx_hal.o
 .debug_macro   0x00001151      0x44f Drivers/STM32L0xx_HAL_Driver/Src/stm32l0xx_hal.o
 .debug_macro   0x000015a0     0x8202 Drivers/STM32L0xx_HAL_Driver/Src/stm32l0xx_hal.o
 .debug_macro   0x000097a2       0x3c Drivers/STM32L0xx_HAL_Driver/Src/stm32l0xx_hal.o
 .debug_macro   0x000097de     0x34a2 Drivers/STM32L0xx_HAL_Driver/Src/stm32l0xx_hal.o
 .debug_macro   0x0000cc80       0x52 Drivers/STM32L0xx_HAL_Driver/Src/stm32l0xx_hal.o
 .debug_macro   0x0000ccd2       0x35 Drivers/STM32L0xx_HAL_Driver/Src/stm32l0xx_hal.o
 .debug_macro   0x0000cd07       0x9c Drivers/STM32L0xx_HAL_Driver/Src/stm32l0xx_hal.o
 .debug_macro   0x0000cda3       0x16 Drivers/STM32L0xx_HAL_Driver/Src/stm32l0xx_hal.o
 .debug_macro   0x0000cdb9       0x97 Drivers/STM32L0xx_HAL_Driver/Src/stm32l0xx_hal.o
 .debug_macro   0x0000ce50      0x30d Drivers/STM32L0xx_HAL_Driver/Src/stm32l0xx_hal.o
 .debug_macro   0x0000d15d       0xfd Drivers/STM32L0xx_HAL_Driver/Src/stm32l0xx_hal.o
 .debug_macro   0x0000d25a       0x10 Drivers/STM32L0xx_HAL_Driver/Src/stm32l0xx_hal.o
 .debug_macro   0x0000d26a       0x52 Drivers/STM32L0xx_HAL_Driver/Src/stm32l0xx_hal.o
 .debug_macro   0x0000d2bc       0x1f Drivers/STM32L0xx_HAL_Driver/Src/stm32l0xx_hal.o
 .debug_macro   0x0000d2db       0x43 Drivers/STM32L0xx_HAL_Driver/Src/stm32l0xx_hal.o
 .debug_macro   0x0000d31e       0x20 Drivers/STM32L0xx_HAL_Driver/Src/stm32l0xx_hal.o
 .debug_macro   0x0000d33e      0x187 Drivers/STM32L0xx_HAL_Driver/Src/stm32l0xx_hal.o
 .debug_macro   0x0000d4c5       0x10 Drivers/STM32L0xx_HAL_Driver/Src/stm32l0xx_hal.o
 .debug_macro   0x0000d4d5       0x1c Drivers/STM32L0xx_HAL_Driver/Src/stm32l0xx_hal.o
 .debug_macro   0x0000d4f1       0x52 Drivers/STM32L0xx_HAL_Driver/Src/stm32l0xx_hal.o
 .debug_macro   0x0000d543       0x40 Drivers/STM32L0xx_HAL_Driver/Src/stm32l0xx_hal.o
 .debug_macro   0x0000d583       0x10 Drivers/STM32L0xx_HAL_Driver/Src/stm32l0xx_hal.o
 .debug_macro   0x0000d593       0x40 Drivers/STM32L0xx_HAL_Driver/Src/stm32l0xx_hal.o
 .debug_macro   0x0000d5d3       0xd7 Drivers/STM32L0xx_HAL_Driver/Src/stm32l0xx_hal.o
 .debug_macro   0x0000d6aa       0x16 Drivers/STM32L0xx_HAL_Driver/Src/stm32l0xx_hal.o
 .debug_macro   0x0000d6c0      0x18b Drivers/STM32L0xx_HAL_Driver/Src/stm32l0xx_hal.o
 .debug_macro   0x0000d84b       0x50 Drivers/STM32L0xx_HAL_Driver/Src/stm32l0xx_hal.o
 .debug_macro   0x0000d89b      0x8aa Drivers/STM32L0xx_HAL_Driver/Src/stm32l0xx_hal.o
 .debug_macro   0x0000e145      0x625 Drivers/STM32L0xx_HAL_Driver/Src/stm32l0xx_hal.o
 .debug_macro   0x0000e76a      0x14d Drivers/STM32L0xx_HAL_Driver/Src/stm32l0xx_hal.o
 .debug_macro   0x0000e8b7      0x168 Drivers/STM32L0xx_HAL_Driver/Src/stm32l0xx_hal.o
 .debug_macro   0x0000ea1f      0x279 Drivers/STM32L0xx_HAL_Driver/Src/stm32l0xx_hal.o
 .debug_macro   0x0000ec98      0x1ef Drivers/STM32L0xx_HAL_Driver/Src/stm32l0xx_hal.o
 .debug_macro   0x0000ee87      0x12a Drivers/STM32L0xx_HAL_Driver/Src/stm32l0xx_hal.o
 .debug_macro   0x0000efb1      0x2b6 Drivers/STM32L0xx_HAL_Driver/Src/stm32l0xx_hal.o
 .debug_macro   0x0000f267      0x202 Drivers/STM32L0xx_HAL_Driver/Src/stm32l0xx_hal.o
 .debug_macro   0x0000f469       0x5b Drivers/STM32L0xx_HAL_Driver/Src/stm32l0xx_hal.o
 .debug_macro   0x0000f4c4       0x90 Drivers/STM32L0xx_HAL_Driver/Src/stm32l0xx_hal.o
 .debug_macro   0x0000f554      0x189 Drivers/STM32L0xx_HAL_Driver/Src/stm32l0xx_hal.o
 .debug_macro   0x0000f6dd       0x16 Drivers/STM32L0xx_HAL_Driver/Src/stm32l0xx_hal.o
 .debug_macro   0x0000f6f3      0x30c Drivers/STM32L0xx_HAL_Driver/Src/stm32l0xx_hal.o
 .debug_macro   0x0000f9ff      0x3f1 Drivers/STM32L0xx_HAL_Driver/Src/stm32l0xx_hal.o
 .debug_macro   0x0000fdf0       0xdd Drivers/STM32L0xx_HAL_Driver/Src/stm32l0xx_hal.o
 .debug_macro   0x0000fecd      0x202 Drivers/STM32L0xx_HAL_Driver/Src/stm32l0xx_hal.o
 .debug_macro   0x000100cf      0x703 Drivers/STM32L0xx_HAL_Driver/Src/stm32l0xx_hal.o
 .debug_macro   0x000107d2      0x120 Drivers/STM32L0xx_HAL_Driver/Src/stm32l0xx_hal.o
 .debug_macro   0x000108f2      0x13f Drivers/STM32L0xx_HAL_Driver/Src/stm32l0xx_hal.o
 .debug_macro   0x00010a31      0x312 Drivers/STM32L0xx_HAL_Driver/Src/stm32l0xx_hal_cortex.o
 .debug_macro   0x00010d43      0x318 Drivers/STM32L0xx_HAL_Driver/Src/stm32l0xx_hal_dma.o
 .debug_macro   0x0001105b      0x34b Drivers/STM32L0xx_HAL_Driver/Src/stm32l0xx_hal_gpio.o
 .debug_macro   0x000113a6      0x32a Drivers/STM32L0xx_HAL_Driver/Src/stm32l0xx_hal_pwr.o
 .debug_macro   0x000116d0      0x318 Drivers/STM32L0xx_HAL_Driver/Src/stm32l0xx_hal_pwr_ex.o
 .debug_macro   0x000119e8      0x360 Drivers/STM32L0xx_HAL_Driver/Src/stm32l0xx_hal_rcc.o
 .debug_macro   0x00011d48      0x312 Drivers/STM32L0xx_HAL_Driver/Src/stm32l0xx_hal_rcc_ex.o
 .debug_macro   0x0001205a      0x312 Drivers/STM32L0xx_HAL_Driver/Src/stm32l0xx_hal_rtc.o
 .debug_macro   0x0001236c      0x312 Drivers/STM32L0xx_HAL_Driver/Src/stm32l0xx_hal_rtc_ex.o
 .debug_macro   0x0001267e      0x31a Drivers/STM32L0xx_HAL_Driver/Src/stm32l0xx_hal_spi.o
 .debug_macro   0x00012998      0x313 Drivers/STM32L0xx_HAL_Driver/Src/stm32l0xx_hal_tim.o
 .debug_macro   0x00012cab      0x1f6 Middlewares/Third_Party/FreeRTOS/Source/CMSIS_RTOS/cmsis_os.o
 .debug_macro   0x00012ea1       0x4c Middlewares/Third_Party/FreeRTOS/Source/CMSIS_RTOS/cmsis_os.o
 .debug_macro   0x00012eed       0x8d Middlewares/Third_Party/FreeRTOS/Source/CMSIS_RTOS/cmsis_os.o
 .debug_macro   0x00012f7a      0x174 Middlewares/Third_Party/FreeRTOS/Source/CMSIS_RTOS/cmsis_os.o
 .debug_macro   0x000130ee       0x4a Middlewares/Third_Party/FreeRTOS/Source/CMSIS_RTOS/cmsis_os.o
 .debug_macro   0x00013138       0x10 Middlewares/Third_Party/FreeRTOS/Source/CMSIS_RTOS/cmsis_os.o
 .debug_macro   0x00013148       0x35 Middlewares/Third_Party/FreeRTOS/Source/CMSIS_RTOS/cmsis_os.o
 .debug_macro   0x0001317d       0x16 Middlewares/Third_Party/FreeRTOS/Source/CMSIS_RTOS/cmsis_os.o
 .debug_macro   0x00013193       0xd2 Middlewares/Third_Party/FreeRTOS/Source/CMSIS_RTOS/cmsis_os.o
 .debug_macro   0x00013265      0x168 Middlewares/Third_Party/FreeRTOS/Source/CMSIS_RTOS/cmsis_os.o
 .debug_macro   0x000133cd       0xb6 Middlewares/Third_Party/FreeRTOS/Source/CMSIS_RTOS/cmsis_os.o
 .debug_macro   0x00013483       0x10 Middlewares/Third_Party/FreeRTOS/Source/CMSIS_RTOS/cmsis_os.o
 .debug_macro   0x00013493       0x1f Middlewares/Third_Party/FreeRTOS/Source/CMSIS_RTOS/cmsis_os.o
 .debug_macro   0x000134b2      0x416 Middlewares/Third_Party/FreeRTOS/Source/CMSIS_RTOS/cmsis_os.o
 .debug_macro   0x000138c8       0xc0 Middlewares/Third_Party/FreeRTOS/Source/CMSIS_RTOS/cmsis_os.o
 .debug_macro   0x00013988       0x8c Middlewares/Third_Party/FreeRTOS/Source/CMSIS_RTOS/cmsis_os.o
 .debug_macro   0x00013a14       0x91 Middlewares/Third_Party/FreeRTOS/Source/CMSIS_RTOS/cmsis_os.o
 .debug_macro   0x00013aa5       0x94 Middlewares/Third_Party/FreeRTOS/Source/CMSIS_RTOS/cmsis_os.o
 .debug_macro   0x00013b39       0x63 Middlewares/Third_Party/FreeRTOS/Source/CMSIS_RTOS/cmsis_os.o
 .debug_macro   0x00013b9c       0xcf Middlewares/Third_Party/FreeRTOS/Source/CMSIS_RTOS/cmsis_os.o
 .debug_macro   0x00013c6b      0x18b Middlewares/Third_Party/FreeRTOS/Source/list.o
 .debug_macro   0x00013df6      0x271 Middlewares/Third_Party/FreeRTOS/Source/tasks.o
 .debug_macro   0x00014067       0x11 Middlewares/Third_Party/FreeRTOS/Source/tasks.o
 .debug_macro   0x00014078      0x14c Middlewares/Third_Party/FreeRTOS/Source/portable/GCC/ARM_CM0/port.o
 .debug_macro   0x000141c4      0x1b2 Middlewares/Third_Party/FreeRTOS/Source/portable/MemMang/heap_4.o
 .debug_macro   0x00014376      0x423 Src/main.o
 .debug_macro   0x00014799       0xd8 Src/main.o
 .debug_macro   0x00014871      0x312 Src/stm32l0xx_hal_msp.o
 .debug_macro   0x00014b83      0x312 Src/stm32l0xx_hal_timebase_TIM.o
 .debug_macro   0x00014e95      0x3df Src/stm32l0xx_it.o
 .debug_macro   0x00015274      0x318 Src/system_stm32l0xx.o

.debug_line     0x00000000     0xf111
 .debug_line    0x00000000      0xa09 Drivers/STM32L0xx_HAL_Driver/Src/stm32l0xx_hal.o
 .debug_line    0x00000a09      0x9c7 Drivers/STM32L0xx_HAL_Driver/Src/stm32l0xx_hal_cortex.o
 .debug_line    0x000013d0      0xc9b Drivers/STM32L0xx_HAL_Driver/Src/stm32l0xx_hal_dma.o
 .debug_line    0x0000206b      0x9bb Drivers/STM32L0xx_HAL_Driver/Src/stm32l0xx_hal_gpio.o
 .debug_line    0x00002a26      0x9ad Drivers/STM32L0xx_HAL_Driver/Src/stm32l0xx_hal_pwr.o
 .debug_line    0x000033d3      0x8bc Drivers/STM32L0xx_HAL_Driver/Src/stm32l0xx_hal_pwr_ex.o
 .debug_line    0x00003c8f      0xb64 Drivers/STM32L0xx_HAL_Driver/Src/stm32l0xx_hal_rcc.o
 .debug_line    0x000047f3      0x9fb Drivers/STM32L0xx_HAL_Driver/Src/stm32l0xx_hal_rcc_ex.o
 .debug_line    0x000051ee      0xbf2 Drivers/STM32L0xx_HAL_Driver/Src/stm32l0xx_hal_rtc.o
 .debug_line    0x00005de0      0xf89 Drivers/STM32L0xx_HAL_Driver/Src/stm32l0xx_hal_rtc_ex.o
 .debug_line    0x00006d69     0x10e8 Drivers/STM32L0xx_HAL_Driver/Src/stm32l0xx_hal_spi.o
 .debug_line    0x00007e51     0x15ec Drivers/STM32L0xx_HAL_Driver/Src/stm32l0xx_hal_tim.o
 .debug_line    0x0000943d      0xb74 Middlewares/Third_Party/FreeRTOS/Source/CMSIS_RTOS/cmsis_os.o
 .debug_line    0x00009fb1      0x5c6 Middlewares/Third_Party/FreeRTOS/Source/list.o
 .debug_line    0x0000a577      0xeb3 Middlewares/Third_Party/FreeRTOS/Source/tasks.o
 .debug_line    0x0000b42a      0x5f3 Middlewares/Third_Party/FreeRTOS/Source/portable/GCC/ARM_CM0/port.o
 .debug_line    0x0000ba1d      0x666 Middlewares/Third_Party/FreeRTOS/Source/portable/MemMang/heap_4.o
 .debug_line    0x0000c083      0xc3f Src/main.o
 .debug_line    0x0000ccc2      0x8a0 Src/stm32l0xx_hal_msp.o
 .debug_line    0x0000d562      0x85b Src/stm32l0xx_hal_timebase_TIM.o
 .debug_line    0x0000ddbd      0xa8f Src/stm32l0xx_it.o
 .debug_line    0x0000e84c      0x842 Src/system_stm32l0xx.o
 .debug_line    0x0000f08e       0x83 startup/startup_stm32l051xx.o

.debug_str      0x00000000    0x79208
 .debug_str     0x00000000    0x6ee49 Drivers/STM32L0xx_HAL_Driver/Src/stm32l0xx_hal.o
                              0x6f25b (size before relaxing)
 .debug_str     0x0006ee49      0x296 Drivers/STM32L0xx_HAL_Driver/Src/stm32l0xx_hal_cortex.o
                              0x6f079 (size before relaxing)
 .debug_str     0x0006f0df      0x354 Drivers/STM32L0xx_HAL_Driver/Src/stm32l0xx_hal_dma.o
                              0x6ef2c (size before relaxing)
 .debug_str     0x0006f433      0x2c1 Drivers/STM32L0xx_HAL_Driver/Src/stm32l0xx_hal_gpio.o
                              0x6ef33 (size before relaxing)
 .debug_str     0x0006f6f4      0x2ac Drivers/STM32L0xx_HAL_Driver/Src/stm32l0xx_hal_pwr.o
                              0x6ef0b (size before relaxing)
 .debug_str     0x0006f9a0      0x138 Drivers/STM32L0xx_HAL_Driver/Src/stm32l0xx_hal_pwr_ex.o
                              0x6ecd7 (size before relaxing)
 .debug_str     0x0006fad8      0x525 Drivers/STM32L0xx_HAL_Driver/Src/stm32l0xx_hal_rcc.o
                              0x6f26f (size before relaxing)
 .debug_str     0x0006fffd      0x1ef Drivers/STM32L0xx_HAL_Driver/Src/stm32l0xx_hal_rcc_ex.o
                              0x6eeb6 (size before relaxing)
 .debug_str     0x000701ec      0x417 Drivers/STM32L0xx_HAL_Driver/Src/stm32l0xx_hal_rtc.o
                              0x6f067 (size before relaxing)
 .debug_str     0x00070603      0x490 Drivers/STM32L0xx_HAL_Driver/Src/stm32l0xx_hal_rtc_ex.o
                              0x6f32c (size before relaxing)
 .debug_str     0x00070a93      0x497 Drivers/STM32L0xx_HAL_Driver/Src/stm32l0xx_hal_spi.o
                              0x6f2a2 (size before relaxing)
 .debug_str     0x00070f2a      0xb50 Drivers/STM32L0xx_HAL_Driver/Src/stm32l0xx_hal_tim.o
                              0x6f9ad (size before relaxing)
 .debug_str     0x00071a7a     0x5939 Middlewares/Third_Party/FreeRTOS/Source/CMSIS_RTOS/cmsis_os.o
                               0xb8ad (size before relaxing)
 .debug_str     0x000773b3      0x22a Middlewares/Third_Party/FreeRTOS/Source/list.o
                               0x8d3c (size before relaxing)
 .debug_str     0x000775dd     0x11f5 Middlewares/Third_Party/FreeRTOS/Source/tasks.o
                               0xaf31 (size before relaxing)
 .debug_str     0x000787d2      0x3e1 Middlewares/Third_Party/FreeRTOS/Source/portable/GCC/ARM_CM0/port.o
                               0x6f52 (size before relaxing)
 .debug_str     0x00078bb3      0x243 Middlewares/Third_Party/FreeRTOS/Source/portable/MemMang/heap_4.o
                               0x9449 (size before relaxing)
 .debug_str     0x00078df6      0x21e Src/main.o
                              0x74b27 (size before relaxing)
 .debug_str     0x00079014       0x6b Src/stm32l0xx_hal_msp.o
                              0x6f41a (size before relaxing)
 .debug_str     0x0007907f       0x61 Src/stm32l0xx_hal_timebase_TIM.o
                              0x6f2a2 (size before relaxing)
 .debug_str     0x000790e0       0xb6 Src/stm32l0xx_it.o
                              0x74112 (size before relaxing)
 .debug_str     0x00079196       0x72 Src/system_stm32l0xx.o
                              0x6ecc8 (size before relaxing)

.comment        0x00000000       0x6e
 .comment       0x00000000       0x6e Drivers/STM32L0xx_HAL_Driver/Src/stm32l0xx_hal.o
                                 0x6f (size before relaxing)
 .comment       0x0000006e       0x6f Drivers/STM32L0xx_HAL_Driver/Src/stm32l0xx_hal_cortex.o
 .comment       0x0000006e       0x6f Drivers/STM32L0xx_HAL_Driver/Src/stm32l0xx_hal_dma.o
 .comment       0x0000006e       0x6f Drivers/STM32L0xx_HAL_Driver/Src/stm32l0xx_hal_gpio.o
 .comment       0x0000006e       0x6f Drivers/STM32L0xx_HAL_Driver/Src/stm32l0xx_hal_pwr.o
 .comment       0x0000006e       0x6f Drivers/STM32L0xx_HAL_Driver/Src/stm32l0xx_hal_pwr_ex.o
 .comment       0x0000006e       0x6f Drivers/STM32L0xx_HAL_Driver/Src/stm32l0xx_hal_rcc.o
 .comment       0x0000006e       0x6f Drivers/STM32L0xx_HAL_Driver/Src/stm32l0xx_hal_rcc_ex.o
 .comment       0x0000006e       0x6f Drivers/STM32L0xx_HAL_Driver/Src/stm32l0xx_hal_rtc.o
 .comment       0x0000006e       0x6f Drivers/STM32L0xx_HAL_Driver/Src/stm32l0xx_hal_rtc_ex.o
 .comment       0x0000006e       0x6f Drivers/STM32L0xx_HAL_Driver/Src/stm32l0xx_hal_spi.o
 .comment       0x0000006e       0x6f Drivers/STM32L0xx_HAL_Driver/Src/stm32l0xx_hal_tim.o
 .comment       0x0000006e       0x6f Middlewares/Third_Party/FreeRTOS/Source/CMSIS_RTOS/cmsis_os.o
 .comment       0x0000006e       0x6f Middlewares/Third_Party/FreeRTOS/Source/list.o
 .comment       0x0000006e       0x6f Middlewares/Third_Party/FreeRTOS/Source/tasks.o
 .comment       0x0000006e       0x6f Middlewares/Third_Party/FreeRTOS/Source/portable/GCC/ARM_CM0/port.o
 .comment       0x0000006e       0x6f Middlewares/Third_Party/FreeRTOS/Source/portable/MemMang/heap_4.o
 .comment       0x0000006e       0x6f Src/main.o
 .comment       0x0000006e       0x6f Src/stm32l0xx_hal_msp.o
 .comment       0x0000006e       0x6f Src/stm32l0xx_hal_timebase_TIM.o
 .comment       0x0000006e       0x6f Src/stm32l0xx_it.o
 .comment       0x0000006e       0x6f Src/system_stm32l0xx.o

.debug_frame    0x00000000     0x2aac
 .debug_frame   0x00000000      0x1c4 Drivers/STM32L0xx_HAL_Driver/Src/stm32l0xx_hal.o
 .debug_frame   0x000001c4       0xf4 Drivers/STM32L0xx_HAL_Driver/Src/stm32l0xx_hal_cortex.o
 .debug_frame   0x000002b8      0x120 Drivers/STM32L0xx_HAL_Driver/Src/stm32l0xx_hal_dma.o
 .debug_frame   0x000003d8       0xbc Drivers/STM32L0xx_HAL_Driver/Src/stm32l0xx_hal_gpio.o
 .debug_frame   0x00000494      0x13c Drivers/STM32L0xx_HAL_Driver/Src/stm32l0xx_hal_pwr.o
 .debug_frame   0x000005d0       0x88 Drivers/STM32L0xx_HAL_Driver/Src/stm32l0xx_hal_pwr_ex.o
 .debug_frame   0x00000658      0x150 Drivers/STM32L0xx_HAL_Driver/Src/stm32l0xx_hal_rcc.o
 .debug_frame   0x000007a8       0xb8 Drivers/STM32L0xx_HAL_Driver/Src/stm32l0xx_hal_rcc_ex.o
 .debug_frame   0x00000860      0x230 Drivers/STM32L0xx_HAL_Driver/Src/stm32l0xx_hal_rtc.o
 .debug_frame   0x00000a90      0x37c Drivers/STM32L0xx_HAL_Driver/Src/stm32l0xx_hal_rtc_ex.o
 .debug_frame   0x00000e0c      0x3c8 Drivers/STM32L0xx_HAL_Driver/Src/stm32l0xx_hal_spi.o
 .debug_frame   0x000011d4      0x8c8 Drivers/STM32L0xx_HAL_Driver/Src/stm32l0xx_hal_tim.o
 .debug_frame   0x00001a9c      0x538 Middlewares/Third_Party/FreeRTOS/Source/CMSIS_RTOS/cmsis_os.o
 .debug_frame   0x00001fd4       0x6c Middlewares/Third_Party/FreeRTOS/Source/list.o
 .debug_frame   0x00002040      0x4f4 Middlewares/Third_Party/FreeRTOS/Source/tasks.o
 .debug_frame   0x00002534      0x110 Middlewares/Third_Party/FreeRTOS/Source/portable/GCC/ARM_CM0/port.o
 .debug_frame   0x00002644       0x9c Middlewares/Third_Party/FreeRTOS/Source/portable/MemMang/heap_4.o
 .debug_frame   0x000026e0      0x168 Src/main.o
 .debug_frame   0x00002848       0x90 Src/stm32l0xx_hal_msp.o
 .debug_frame   0x000028d8       0x4c Src/stm32l0xx_hal_timebase_TIM.o
 .debug_frame   0x00002924       0xc0 Src/stm32l0xx_it.o
 .debug_frame   0x000029e4       0x3c Src/system_stm32l0xx.o
 .debug_frame   0x00002a20       0x20 /home/ramon/Applications/SystemWorkbench/plugins/fr.ac6.mcu.externaltools.arm-none.linux64_1.13.0.201701121612/tools/compiler/bin/../lib/gcc/arm-none-eabi/5.4.1/armv6-m/libgcc.a(_udivsi3.o)
 .debug_frame   0x00002a40       0x20 /home/ramon/Applications/SystemWorkbench/plugins/fr.ac6.mcu.externaltools.arm-none.linux64_1.13.0.201701121612/tools/compiler/bin/../lib/gcc/arm-none-eabi/5.4.1/armv6-m/libgcc.a(_divsi3.o)
 .debug_frame   0x00002a60       0x2c /home/ramon/Applications/SystemWorkbench/plugins/fr.ac6.mcu.externaltools.arm-none.linux64_1.13.0.201701121612/tools/compiler/bin/../lib/gcc/arm-none-eabi/5.4.1/../../../../arm-none-eabi/lib/armv6-m/libc_nano.a(lib_a-init.o)
 .debug_frame   0x00002a8c       0x20 /home/ramon/Applications/SystemWorkbench/plugins/fr.ac6.mcu.externaltools.arm-none.linux64_1.13.0.201701121612/tools/compiler/bin/../lib/gcc/arm-none-eabi/5.4.1/../../../../arm-none-eabi/lib/armv6-m/libc_nano.a(lib_a-memset.o)
